            --------------------------------------------------------
                             AMBER SQM VERSION 19
 
                                     By
              Ross C. Walker, Michael F. Crowley, Scott Brozell,
                         Tim Giese, Andreas W. Goetz,
                        Tai-Sung Lee and David A. Case
 
            --------------------------------------------------------
 

--------------------------------------------------------------------------------
  QM CALCULATION INFO
--------------------------------------------------------------------------------

| QMMM: Citation for AMBER QMMM Run:
| QMMM: R.C. Walker, M.F. Crowley and D.A. Case, J. COMP. CHEM. 29:1019, 2008

QMMM: SINGLET STATE CALCULATION
QMMM: RHF CALCULATION, NO. OF DOUBLY OCCUPIED LEVELS = 58

| QMMM: *** Selected Hamiltonian *** 
| QMMM: AM1         

| QMMM: *** Parameter sets in use ***
| QMMM: C : M.J.S.DEWAR et al. JACS, 107, 3902, (1985)
| QMMM: O : M.J.S.DEWAR et al. JACS, 107, 3902, (1985)
| QMMM: H : M.J.S.DEWAR et al. JACS, 107, 3902, (1985)

| QMMM: *** SCF convergence criteria ***
| QMMM: Energy change                :  0.1D-09 kcal/mol
| QMMM: Error matrix |FP-PF|         :  0.1D+00 au
| QMMM: Density matrix change        :  0.5D-06
| QMMM: Maximum number of SCF cycles :     1000

| QMMM: *** Diagonalization Routine Information ***
| QMMM: Pseudo diagonalizations are allowed.
| QMMM: Auto diagonalization routine selection is in use.
| QMMM:
| QMMM: Timing diagonalization routines:
| QMMM:                              norbs =      108
| QMMM:    diag iterations used for timing =       10
| QMMM:
| QMMM:              Internal diag routine = 0.016394 seconds
| QMMM:                 Dspev diag routine = 0.014082 seconds
| QMMM:                Dspevd diag routine = 0.010133 seconds
| QMMM:                Dspevx diag routine = 0.055567 seconds
| QMMM:                 Dsyev diag routine = 0.014878 seconds
| QMMM:                Dsyevd diag routine = 0.012394 seconds
| QMMM:                Dsyevr diag routine = 0.013183 seconds
| QMMM:
| QMMM:                Pseudo diag routine = 0.005821 seconds
| QMMM:
| QMMM: Using dspevd routine (diag_routine=3).

  QMMM: QM Region Cartesian Coordinates (*=link atom) 
  QMMM: QM_NO.   MM_NO.  ATOM         X         Y         Z
  QMMM:     1        1      C       10.9060    2.1220  -13.2230
  QMMM:     2        2      C        9.2830    3.7870  -14.7000
  QMMM:     3        3      C        9.1120    2.4020  -14.8430
  QMMM:     4        4      C        9.9000    1.5450  -14.1280
  QMMM:     5        5      C       11.7460    1.3050  -12.4640
  QMMM:     6        6      C       12.6770    1.8770  -11.6270
  QMMM:     7        7      C       12.7830    3.2580  -11.5360
  QMMM:     8        8      C       11.9600    4.0750  -12.2800
  QMMM:     9        9      C       11.0140    3.5180  -13.1310
  QMMM:    10       10      O       10.2010    4.3050  -13.8680
  QMMM:    11       11      O        8.5740    4.5420  -15.3420
  QMMM:    12       12      O        9.7600    0.2050  -14.2490
  QMMM:    13       13      H        9.6680    0.0170  -15.1920
  QMMM:    14       14      C        8.0660    1.8620  -15.7830
  QMMM:    15       15      C        7.9650    2.7710  -17.0090
  QMMM:    16       16      C        6.9940    2.1780  -17.9970
  QMMM:    17       17      C        5.7430    2.9310  -18.3700
  QMMM:    18       18      O        7.2170    1.0990  -18.4890
  QMMM:    19       19      C        6.7350    1.8160  -15.0820
  QMMM:    20       20      C        6.2150    2.9620  -14.5080
  QMMM:    21       21      C        4.9930    2.9200  -13.8640
  QMMM:    22       22      C        4.2900    1.7320  -13.7940
  QMMM:    23       23      C        4.8090    0.5880  -14.3670
  QMMM:    24       24      C        6.0290    0.6310  -15.0160
  QMMM:    25       25      H       11.6690    0.2780  -12.5300
  QMMM:    26       26      H       13.2990    1.2760  -11.0640
  QMMM:    27       27      H       13.4850    3.6770  -10.9050
  QMMM:    28       28      H       12.0460    5.1010  -12.2050
  QMMM:    29       29      H        8.3400    0.8750  -16.0920
  QMMM:    30       30      H        8.9280    2.8610  -17.4660
  QMMM:    31       31      H        7.6200    3.7380  -16.7080
  QMMM:    32       32      H        5.7140    3.8600  -17.8400
  QMMM:    33       33      H        4.8850    2.3460  -18.1120
  QMMM:    34       34      H        5.7420    3.1210  -19.4230
  QMMM:    35       35      H        6.7400    3.8490  -14.5610
  QMMM:    36       36      H        4.6060    3.7750  -13.4360
  QMMM:    37       37      H        3.3770    1.7000  -13.3130
  QMMM:    38       38      H        4.2860   -0.3000  -14.3110
  QMMM:    39       39      H        6.4120   -0.2230  -15.4510

--------------------------------------------------------------------------------
  RESULTS
--------------------------------------------------------------------------------

      iter         sqm energy              rms gradient
      ----    -------------------    -----------------------
xmin    10      -92.5068 kcal/mol        0.6218 kcal/(mol*A)
xmin    20      -93.9677 kcal/mol        0.3311 kcal/(mol*A)
xmin    30      -94.3856 kcal/mol        0.5264 kcal/(mol*A)
xmin    40      -94.5921 kcal/mol        0.1200 kcal/(mol*A)
xmin    50      -94.5993 kcal/mol        0.0109 kcal/(mol*A)
xmin    60      -94.5997 kcal/mol        0.0049 kcal/(mol*A)
xmin    70      -94.5997 kcal/mol        0.0024 kcal/(mol*A)
xmin    80      -94.5997 kcal/mol        0.0007 kcal/(mol*A)
xmin    90      -94.5997 kcal/mol        0.0026 kcal/(mol*A)
  ... geometry converged !
 
 Final MO eigenvalues (eV):
 -42.3616  -40.4955  -39.8853  -39.2044  -39.0397  -37.3752  -35.8076  -33.6359
 -32.0244  -31.5918  -31.4304  -30.8250  -29.3705  -26.1072  -25.0253  -24.3749
 -23.6225  -23.3889  -21.9829  -20.8656  -20.2214  -19.8516  -18.5143  -17.8191
 -17.3683  -17.1313  -17.0365  -16.5208  -16.4467  -16.1501  -15.8660  -15.7395
 -15.6526  -15.4844  -15.3474  -15.1391  -14.6142  -14.4334  -14.2791  -14.1680
 -14.0394  -13.4888  -13.1997  -13.1469  -12.9345  -12.8228  -12.7257  -12.5994
 -12.4878  -12.0439  -11.8813  -11.2673  -10.9737  -10.6013   -9.8553   -9.8047
  -9.6776   -9.3724   -0.9610   -0.0918    0.2710    0.3999    0.4230    0.8710
   1.5808    1.6192    2.1225    2.4553    2.6656    2.7005    2.8414    3.2154
   3.3749    3.4877    3.5277    3.6024    3.6887    3.8078    3.8745    3.9380
   3.9654    4.0179    4.0511    4.0772    4.1208    4.1964    4.3115    4.3599
   4.4387    4.4489    4.5318    4.5654    4.6856    4.7453    4.8039    4.8422
   4.9472    5.0237    5.0840    5.3125    5.4291    5.4770    5.5255    5.5858
   5.8333    5.9670    6.5032    6.6163

 Heat of formation   =        -94.59968804 kcal/mol  (       -4.10215030 eV)

 Total SCF energy    =     -90713.19734292 kcal/mol  (    -3933.61941559 eV)
 Electronic energy   =    -636245.26698200 kcal/mol  (   -27589.66510481 eV)
 Core-core repulsion =     545532.06963908 kcal/mol  (    23656.04568922 eV)
 
    Atomic Charges for Step       1 :
  Atom    Element       Mulliken Charge
     1      C                 -0.146
     2      C                  0.364
     3      C                 -0.293
     4      C                  0.202
     5      C                 -0.050
     6      C                 -0.166
     7      C                 -0.075
     8      C                 -0.154
     9      C                  0.116
    10      O                 -0.189
    11      O                 -0.314
    12      O                 -0.236
    13      H                  0.246
    14      C                 -0.001
    15      C                 -0.206
    16      C                  0.233
    17      C                 -0.270
    18      O                 -0.307
    19      C                 -0.091
    20      C                 -0.117
    21      C                 -0.128
    22      C                 -0.127
    23      C                 -0.128
    24      C                 -0.133
    25      H                  0.157
    26      H                  0.143
    27      H                  0.142
    28      H                  0.162
    29      H                  0.111
    30      H                  0.123
    31      H                  0.130
    32      H                  0.102
    33      H                  0.108
    34      H                  0.106
    35      H                  0.150
    36      H                  0.135
    37      H                  0.133
    38      H                  0.133
    39      H                  0.134
 Total Mulliken Charge =      -0.000
 
                  X        Y        Z     TOTAL  
  QM DIPOLE     0.854   -1.028    2.065    2.460
 
 Final Structure

  QMMM: QM Region Cartesian Coordinates (*=link atom) 
  QMMM: QM_NO.   MM_NO.  ATOM         X         Y         Z
  QMMM:     1        1      C       10.8488    2.1090  -13.2478
  QMMM:     2        2      C        9.2276    3.9250  -14.6682
  QMMM:     3        3      C        8.9831    2.4980  -14.7936
  QMMM:     4        4      C        9.7465    1.6276  -14.0593
  QMMM:     5        5      C       11.6923    1.2604  -12.5100
  QMMM:     6        6      C       12.7339    1.7930  -11.7654
  QMMM:     7        7      C       12.9535    3.1782  -11.7417
  QMMM:     8        8      C       12.1355    4.0392  -12.4579
  QMMM:     9        9      C       11.0773    3.4969  -13.2130
  QMMM:    10       10      O       10.2917    4.3962  -13.8937
  QMMM:    11       11      O        8.6158    4.8803  -15.1514
  QMMM:    12       12      O        9.5748    0.2742  -14.0275
  QMMM:    13       13      H        8.7372    0.0483  -14.4682
  QMMM:    14       14      C        7.8931    2.0161  -15.7009
  QMMM:    15       15      C        7.6775    2.9434  -16.8927
  QMMM:    16       16      C        7.1033    2.2376  -18.0894
  QMMM:    17       17      C        6.3421    3.1163  -19.0287
  QMMM:    18       18      O        7.2643    1.0301  -18.3002
  QMMM:    19       19      C        6.6181    1.8069  -14.9367
  QMMM:    20       20      C        6.0065    2.8708  -14.2627
  QMMM:    21       21      C        4.8251    2.6644  -13.5530
  QMMM:    22       22      C        4.2448    1.3964  -13.5118
  QMMM:    23       23      C        4.8479    0.3346  -14.1851
  QMMM:    24       24      C        6.0307    0.5372  -14.8953
  QMMM:    25       25      H       11.5105    0.1740  -12.5372
  QMMM:    26       26      H       13.3939    1.1280  -11.1891
  QMMM:    27       27      H       13.7849    3.5869  -11.1464
  QMMM:    28       28      H       12.2903    5.1277  -12.4506
  QMMM:    29       29      H        8.2228    1.0208  -16.1354
  QMMM:    30       30      H        8.6625    3.3853  -17.2082
  QMMM:    31       31      H        7.0136    3.7995  -16.5972
  QMMM:    32       32      H        6.9173    4.0520  -19.2312
  QMMM:    33       33      H        5.3645    3.3930  -18.5618
  QMMM:    34       34      H        6.1438    2.5899  -19.9935
  QMMM:    35       35      H        6.4689    3.8715  -14.2975
  QMMM:    36       36      H        4.3507    3.5048  -13.0250
  QMMM:    37       37      H        3.3126    1.2349  -12.9512
  QMMM:    38       38      H        4.3899   -0.6651  -14.1598
  QMMM:    39       39      H        6.4914   -0.3010  -15.4408

           --------- Calculation Completed ----------

