            --------------------------------------------------------
                             AMBER SQM VERSION 19
 
                                     By
              Ross C. Walker, Michael F. Crowley, Scott Brozell,
                         Tim Giese, Andreas W. Goetz,
                        Tai-Sung Lee and David A. Case
 
            --------------------------------------------------------
 

--------------------------------------------------------------------------------
  QM CALCULATION INFO
--------------------------------------------------------------------------------

| QMMM: Citation for AMBER QMMM Run:
| QMMM: R.C. Walker, M.F. Crowley and D.A. Case, J. COMP. CHEM. 29:1019, 2008

QMMM: SINGLET STATE CALCULATION
QMMM: RHF CALCULATION, NO. OF DOUBLY OCCUPIED LEVELS = 41

| QMMM: *** Selected Hamiltonian *** 
| QMMM: AM1         

| QMMM: *** Parameter sets in use ***
| QMMM: C : M.J.S.DEWAR et al. JACS, 107, 3902, (1985)
| QMMM: O : M.J.S.DEWAR et al. JACS, 107, 3902, (1985)
| QMMM: H : M.J.S.DEWAR et al. JACS, 107, 3902, (1985)

| QMMM: *** SCF convergence criteria ***
| QMMM: Energy change                :  0.1D-09 kcal/mol
| QMMM: Error matrix |FP-PF|         :  0.1D+00 au
| QMMM: Density matrix change        :  0.5D-06
| QMMM: Maximum number of SCF cycles :     1000

| QMMM: *** Diagonalization Routine Information ***
| QMMM: Pseudo diagonalizations are allowed.
| QMMM: Auto diagonalization routine selection is in use.
| QMMM:
| QMMM: Timing diagonalization routines:
| QMMM:                              norbs =       78
| QMMM:    diag iterations used for timing =       15
| QMMM:
| QMMM:              Internal diag routine = 0.010637 seconds
| QMMM:                 Dspev diag routine = 0.010950 seconds
| QMMM:                Dspevd diag routine = 0.006640 seconds
| QMMM:                Dspevx diag routine = 0.038750 seconds
| QMMM:                 Dsyev diag routine = 0.010141 seconds
| QMMM:                Dsyevd diag routine = 0.008973 seconds
| QMMM:                Dsyevr diag routine = 0.009701 seconds
| QMMM:
| QMMM:                Pseudo diag routine = 0.003173 seconds
| QMMM:
| QMMM: Using dspevd routine (diag_routine=3).

  QMMM: QM Region Cartesian Coordinates (*=link atom) 
  QMMM: QM_NO.   MM_NO.  ATOM         X         Y         Z
  QMMM:     1        1      C        4.1810  -11.4640    9.4950
  QMMM:     2        2      C        4.9420  -12.3160    8.7160
  QMMM:     3        3      C        5.1230  -12.0470    7.3740
  QMMM:     4        4      C        4.5420  -10.9280    6.8090
  QMMM:     5        5      C        3.7860  -10.0730    7.5880
  QMMM:     6        6      C        3.6010  -10.3450    8.9300
  QMMM:     7        7      C        3.9820  -11.7570   10.9600
  QMMM:     8        8      C        2.4910  -11.7020   11.2940
  QMMM:     9        9      C        4.7200  -10.7330   11.7820
  QMMM:    10       10      O        4.1360  -10.1130   12.6390
  QMMM:    11       11      O        6.0250  -10.5090   11.5620
  QMMM:    12       12      H        6.4130   -9.6520   11.7880
  QMMM:    13       13      C        4.7400  -10.6350    5.3430
  QMMM:    14       14      C        4.0670  -11.7260    4.5100
  QMMM:    15       15      C        2.6720  -11.2600    4.0890
  QMMM:    16       16      C        4.9070  -12.0080    3.2640
  QMMM:    17       17      H        5.3750  -13.1530    9.1380
  QMMM:    18       18      H        5.6920  -12.6820    6.7930
  QMMM:    19       19      H        3.3600   -9.2320    7.1680
  QMMM:    20       20      H        3.0290   -9.7120    9.5110
  QMMM:    21       21      H        4.3610  -12.7330   11.1830
  QMMM:    22       22      H        2.1110  -10.7270   11.0720
  QMMM:    23       23      H        2.3510  -11.9110   12.3340
  QMMM:    24       24      H        1.9680  -12.4300   10.7100
  QMMM:    25       25      H        5.7870  -10.6120    5.1220
  QMMM:    26       26      H        4.3050   -9.6860    5.1070
  QMMM:    27       27      H        3.9840  -12.6190    5.0940
  QMMM:    28       28      H        2.7550  -10.3670    3.5050
  QMMM:    29       29      H        2.0840  -11.0630    4.9610
  QMMM:    30       30      H        2.2010  -12.0240    3.5070
  QMMM:    31       31      H        4.9900  -11.1150    2.6800
  QMMM:    32       32      H        4.4360  -12.7720    2.6820
  QMMM:    33       33      H        5.8830  -12.3340    3.5580

--------------------------------------------------------------------------------
  RESULTS
--------------------------------------------------------------------------------

      iter         sqm energy              rms gradient
      ----    -------------------    -----------------------
xmin    10     -101.9840 kcal/mol        0.4677 kcal/(mol*A)
xmin    20     -102.9572 kcal/mol        0.8753 kcal/(mol*A)
xmin    30     -103.2216 kcal/mol        0.1854 kcal/(mol*A)
xmin    40     -103.4469 kcal/mol        0.1895 kcal/(mol*A)
xmin    50     -103.4797 kcal/mol        0.1409 kcal/(mol*A)
xmin    60     -103.4978 kcal/mol        0.0539 kcal/(mol*A)
xmin    70     -103.5020 kcal/mol        0.0675 kcal/(mol*A)
xmin    80     -103.5030 kcal/mol        0.0341 kcal/(mol*A)
xmin    90     -103.5049 kcal/mol        0.0616 kcal/(mol*A)
xmin   100     -103.5059 kcal/mol        0.0245 kcal/(mol*A)
xmin   110     -103.5069 kcal/mol        0.0054 kcal/(mol*A)
xmin   120     -103.5073 kcal/mol        0.0368 kcal/(mol*A)
xmin   130     -103.5077 kcal/mol        0.0160 kcal/(mol*A)
xmin   140     -103.5079 kcal/mol        0.0056 kcal/(mol*A)
xmin   150     -103.4758 kcal/mol        0.1911 kcal/(mol*A)
xmin   160     -103.4997 kcal/mol        0.0740 kcal/(mol*A)
xmin   170     -103.5042 kcal/mol        0.1409 kcal/(mol*A)
xmin   180     -103.5056 kcal/mol        0.0391 kcal/(mol*A)
xmin   190     -103.5065 kcal/mol        0.0154 kcal/(mol*A)
xmin   200     -103.5073 kcal/mol        0.0148 kcal/(mol*A)
xmin   210     -103.5077 kcal/mol        0.0129 kcal/(mol*A)
xmin   220     -103.5080 kcal/mol        0.0239 kcal/(mol*A)
xmin   230     -103.5082 kcal/mol        0.0038 kcal/(mol*A)
xmin   240     -103.5083 kcal/mol        0.0023 kcal/(mol*A)
xmin   250     -103.5084 kcal/mol        0.0217 kcal/(mol*A)
xmin   260     -103.5084 kcal/mol        0.0046 kcal/(mol*A)
xmin   270     -103.5084 kcal/mol        0.0008 kcal/(mol*A)
xmin   280     -103.5084 kcal/mol        0.0011 kcal/(mol*A)
  ... geometry converged !
 
 Final MO eigenvalues (eV):
 -41.0744  -39.8512  -37.3678  -36.4864  -34.9810  -31.5839  -31.2391  -27.8393
 -27.3238  -25.7681  -23.6177  -22.7320  -20.9800  -20.5253  -18.9673  -17.7053
 -17.1214  -16.6464  -16.0332  -15.7648  -15.3256  -15.1788  -14.8069  -14.5991
 -14.3106  -14.0543  -13.7000  -13.2091  -13.0701  -12.9872  -12.6731  -12.6021
 -12.3422  -12.2206  -11.9240  -11.8389  -11.6984  -11.4068  -11.2926   -9.7636
  -9.4021    0.1978    0.4760    1.0969    2.2071    2.7129    3.4358    3.5918
   3.6284    3.8037    3.8534    3.9187    3.9679    4.0071    4.1655    4.2292
   4.3185    4.3377    4.4425    4.4954    4.5329    4.6042    4.6505    4.7119
   4.7746    4.8459    4.8843    4.9749    5.0731    5.1330    5.1885    5.2058
   5.2958    5.4486    5.5227    5.6639    5.9944    6.6878

 Heat of formation   =       -103.50843739 kcal/mol  (       -4.48846266 eV)

 Total SCF energy    =     -58911.53788432 kcal/mol  (    -2554.59597955 eV)
 Electronic energy   =    -350870.76519371 kcal/mol  (   -15214.89810475 eV)
 Core-core repulsion =     291959.22730939 kcal/mol  (    12660.30212521 eV)
 
    Atomic Charges for Step       1 :
  Atom    Element       Mulliken Charge
     1      C                 -0.092
     2      C                 -0.113
     3      C                 -0.132
     4      C                 -0.059
     5      C                 -0.128
     6      C                 -0.113
     7      C                 -0.052
     8      C                 -0.208
     9      C                  0.312
    10      O                 -0.364
    11      O                 -0.315
    12      H                  0.242
    13      C                 -0.124
    14      C                 -0.103
    15      C                 -0.210
    16      C                 -0.210
    17      H                  0.132
    18      H                  0.134
    19      H                  0.136
    20      H                  0.154
    21      H                  0.125
    22      H                  0.097
    23      H                  0.083
    24      H                  0.091
    25      H                  0.090
    26      H                  0.089
    27      H                  0.090
    28      H                  0.072
    29      H                  0.080
    30      H                  0.074
    31      H                  0.074
    32      H                  0.075
    33      H                  0.072
 Total Mulliken Charge =       0.000
 
                  X        Y        Z     TOTAL  
  QM DIPOLE     0.209   -1.583   -0.914    1.840
 
 Final Structure

  QMMM: QM Region Cartesian Coordinates (*=link atom) 
  QMMM: QM_NO.   MM_NO.  ATOM         X         Y         Z
  QMMM:     1        1      C        4.3070  -11.4097    9.4703
  QMMM:     2        2      C        5.0349  -12.3474    8.7293
  QMMM:     3        3      C        5.2347  -12.1598    7.3640
  QMMM:     4        4      C        4.7137  -11.0327    6.7169
  QMMM:     5        5      C        3.9896  -10.0946    7.4618
  QMMM:     6        6      C        3.7878  -10.2804    8.8271
  QMMM:     7        7      C        4.0734  -11.6354   10.9309
  QMMM:     8        8      C        2.6161  -11.9582   11.2119
  QMMM:     9        9      C        4.4713  -10.4157   11.7233
  QMMM:    10       10      O        3.9420   -9.3022   11.7777
  QMMM:    11       11      O        5.5731  -10.6058   12.5032
  QMMM:    12       12      H        5.7813   -9.7863   12.9815
  QMMM:    13       13      C        4.9441  -10.8330    5.2600
  QMMM:    14       14      C        4.0562  -11.7304    4.4028
  QMMM:    15       15      C        2.6193  -11.2543    4.4263
  QMMM:    16       16      C        4.5763  -11.7703    2.9810
  QMMM:    17       17      H        5.4537  -13.2364    9.2246
  QMMM:    18       18      H        5.8076  -12.9015    6.7875
  QMMM:    19       19      H        3.5771   -9.2028    6.9661
  QMMM:    20       20      H        3.2282   -9.5325    9.4136
  QMMM:    21       21      H        4.7138  -12.4970   11.2814
  QMMM:    22       22      H        1.9675  -11.0904   10.9390
  QMMM:    23       23      H        2.4735  -12.1873   12.2951
  QMMM:    24       24      H        2.3047  -12.8455   10.6108
  QMMM:    25       25      H        6.0206  -11.0569    5.0274
  QMMM:    26       26      H        4.7592   -9.7608    4.9834
  QMMM:    27       27      H        4.0957  -12.7734    4.8285
  QMMM:    28       28      H        2.5252  -10.2625    3.9216
  QMMM:    29       29      H        2.2651  -11.1494    5.4807
  QMMM:    30       30      H        1.9610  -11.9838    3.8966
  QMMM:    31       31      H        4.6034  -10.7430    2.5440
  QMMM:    32       32      H        3.9139  -12.4070    2.3467
  QMMM:    33       33      H        5.6090  -12.1938    2.9530

           --------- Calculation Completed ----------

