            --------------------------------------------------------
                             AMBER SQM VERSION 19
 
                                     By
              Ross C. Walker, Michael F. Crowley, Scott Brozell,
                         Tim Giese, Andreas W. Goetz,
                        Tai-Sung Lee and David A. Case
 
            --------------------------------------------------------
 

--------------------------------------------------------------------------------
  QM CALCULATION INFO
--------------------------------------------------------------------------------

| QMMM: Citation for AMBER QMMM Run:
| QMMM: R.C. Walker, M.F. Crowley and D.A. Case, J. COMP. CHEM. 29:1019, 2008

QMMM: SINGLET STATE CALCULATION
QMMM: RHF CALCULATION, NO. OF DOUBLY OCCUPIED LEVELS = 58

| QMMM: *** Selected Hamiltonian *** 
| QMMM: AM1         

| QMMM: *** Parameter sets in use ***
| QMMM: C : M.J.S.DEWAR et al. JACS, 107, 3902, (1985)
| QMMM: O : M.J.S.DEWAR et al. JACS, 107, 3902, (1985)
| QMMM: H : M.J.S.DEWAR et al. JACS, 107, 3902, (1985)

| QMMM: *** SCF convergence criteria ***
| QMMM: Energy change                :  0.1D-09 kcal/mol
| QMMM: Error matrix |FP-PF|         :  0.1D+00 au
| QMMM: Density matrix change        :  0.5D-06
| QMMM: Maximum number of SCF cycles :     1000

| QMMM: *** Diagonalization Routine Information ***
| QMMM: Pseudo diagonalizations are allowed.
| QMMM: Auto diagonalization routine selection is in use.
| QMMM:
| QMMM: Timing diagonalization routines:
| QMMM:                              norbs =      108
| QMMM:    diag iterations used for timing =       10
| QMMM:
| QMMM:              Internal diag routine = 0.016883 seconds
| QMMM:                 Dspev diag routine = 0.016410 seconds
| QMMM:                Dspevd diag routine = 0.009734 seconds
| QMMM:                Dspevx diag routine = 0.055675 seconds
| QMMM:                 Dsyev diag routine = 0.015962 seconds
| QMMM:                Dsyevd diag routine = 0.014184 seconds
| QMMM:                Dsyevr diag routine = 0.014153 seconds
| QMMM:
| QMMM:                Pseudo diag routine = 0.006429 seconds
| QMMM:
| QMMM: Using dspevd routine (diag_routine=3).

  QMMM: QM Region Cartesian Coordinates (*=link atom) 
  QMMM: QM_NO.   MM_NO.  ATOM         X         Y         Z
  QMMM:     1        1      C        3.5940  -11.1780    9.8670
  QMMM:     2        2      C        5.5710  -11.1510    7.9480
  QMMM:     3        3      C        4.4010  -10.4180    7.7010
  QMMM:     4        4      C        3.3980  -10.4100    8.6290
  QMMM:     5        5      C        2.6100  -11.2160   10.8560
  QMMM:     6        6      C        2.8260  -11.9460   12.0040
  QMMM:     7        7      C        4.0130  -12.6420   12.1790
  QMMM:     8        8      C        4.9930  -12.6130   11.2090
  QMMM:     9        9      C        4.7950  -11.8830   10.0440
  QMMM:    10       10      O        5.7430  -11.8460    9.0840
  QMMM:    11       11      O        6.4590  -11.1490    7.1140
  QMMM:    12       12      O        2.2560   -9.7150    8.4150
  QMMM:    13       13      H        2.2390   -9.0000    9.0640
  QMMM:    14       14      C        4.2490   -9.6460    6.4160
  QMMM:    15       15      C        3.2930   -8.4720    6.6360
  QMMM:    16       16      C        4.0400   -7.1750    6.4580
  QMMM:    17       17      C        4.0860   -6.1720    7.5820
  QMMM:    18       18      O        4.6010   -6.9400    5.4160
  QMMM:    19       19      C        3.6950  -10.5520    5.3490
  QMMM:    20       20      C        2.3300  -10.6140    5.1340
  QMMM:    21       21      C        1.8210  -11.4450    4.1540
  QMMM:    22       22      C        2.6750  -12.2140    3.3880
  QMMM:    23       23      C        4.0390  -12.1520    3.6020
  QMMM:    24       24      C        4.5490  -11.3170    4.5780
  QMMM:    25       25      H        1.7250  -10.7000   10.7280
  QMMM:    26       26      H        2.1010  -11.9750   12.7380
  QMMM:    27       27      H        4.1640  -13.1860   13.0430
  QMMM:    28       28      H        5.8730  -13.1330   11.3490
  QMMM:    29       29      H        5.2040   -9.2750    6.1080
  QMMM:    30       30      H        2.8920   -8.5190    7.6270
  QMMM:    31       31      H        2.4950   -8.5240    5.9250
  QMMM:    32       32      H        3.5370   -6.5490    8.4200
  QMMM:    33       33      H        3.6500   -5.2510    7.2560
  QMMM:    34       34      H        5.1030   -6.0040    7.8680
  QMMM:    35       35      H        1.6910  -10.0390    5.7060
  QMMM:    36       36      H        0.8020  -11.4910    3.9950
  QMMM:    37       37      H        2.2950  -12.8350    2.6560
  QMMM:    38       38      H        4.6770  -12.7300    3.0330
  QMMM:    39       39      H        5.5680  -11.2650    4.7310

--------------------------------------------------------------------------------
  RESULTS
--------------------------------------------------------------------------------

      iter         sqm energy              rms gradient
      ----    -------------------    -----------------------
xmin    10      -87.1482 kcal/mol        0.8590 kcal/(mol*A)
xmin    20      -88.4524 kcal/mol        2.2645 kcal/(mol*A)
xmin    30      -89.4369 kcal/mol        0.3499 kcal/(mol*A)
xmin    40      -89.5944 kcal/mol        0.1299 kcal/(mol*A)
xmin    50      -89.6861 kcal/mol        0.1491 kcal/(mol*A)
xmin    60      -89.7276 kcal/mol        0.0706 kcal/(mol*A)
xmin    70      -89.7372 kcal/mol        0.0287 kcal/(mol*A)
xmin    80      -89.7390 kcal/mol        0.0295 kcal/(mol*A)
xmin    90      -89.7398 kcal/mol        0.0175 kcal/(mol*A)
xmin   100      -89.7404 kcal/mol        0.0097 kcal/(mol*A)
xmin   110      -89.7406 kcal/mol        0.0069 kcal/(mol*A)
xmin   120      -89.7407 kcal/mol        0.0130 kcal/(mol*A)
xmin   130      -89.7407 kcal/mol        0.0008 kcal/(mol*A)
xmin   140      -89.7407 kcal/mol        0.0014 kcal/(mol*A)
  ... geometry converged !
 
 Final MO eigenvalues (eV):
 -42.3306  -40.2944  -39.9154  -39.1325  -38.9947  -37.4048  -35.8013  -33.6053
 -31.9806  -31.6143  -31.3517  -30.8411  -29.2501  -26.2568  -24.9016  -24.3604
 -23.7970  -23.1706  -21.7798  -21.0008  -20.1587  -19.3923  -18.8807  -17.8701
 -17.5674  -17.1239  -16.8057  -16.4894  -16.2744  -16.1082  -16.0248  -15.8676
 -15.6226  -15.5277  -15.3013  -14.7860  -14.7725  -14.4184  -14.3468  -14.0194
 -13.8961  -13.3739  -13.2901  -13.0367  -12.9808  -12.9037  -12.7675  -12.5413
 -12.1565  -12.0020  -11.5754  -11.2757  -11.1274  -10.5056  -10.0024   -9.6182
  -9.5369   -9.3202   -1.0368   -0.2429    0.2844    0.4873    0.6034    0.9702
   1.5604    1.6501    2.0897    2.3376    2.5615    2.7373    2.9566    3.0685
   3.2545    3.3014    3.5275    3.6759    3.7620    3.8347    3.9701    4.0089
   4.0309    4.0792    4.1359    4.1402    4.1984    4.2663    4.2744    4.3620
   4.3707    4.5018    4.5766    4.6083    4.6715    4.7008    4.8629    4.8992
   4.9258    5.1338    5.1486    5.2249    5.4467    5.6147    5.6781    5.7854
   5.8327    6.1501    6.6103    6.6570

 Heat of formation   =        -89.74074369 kcal/mol  (       -3.89145066 eV)

 Total SCF energy    =     -90708.33839856 kcal/mol  (    -3933.40871595 eV)
 Electronic energy   =    -638959.00223362 kcal/mol  (   -27707.34149576 eV)
 Core-core repulsion =     548250.66383506 kcal/mol  (    23773.93277980 eV)
 
    Atomic Charges for Step       1 :
  Atom    Element       Mulliken Charge
     1      C                 -0.172
     2      C                  0.349
     3      C                 -0.203
     4      C                  0.163
     5      C                 -0.085
     6      C                 -0.154
     7      C                 -0.080
     8      C                 -0.145
     9      C                  0.124
    10      O                 -0.189
    11      O                 -0.280
    12      O                 -0.245
    13      H                  0.230
    14      C                 -0.004
    15      C                 -0.209
    16      C                  0.224
    17      C                 -0.270
    18      O                 -0.285
    19      C                 -0.074
    20      C                 -0.126
    21      C                 -0.136
    22      C                 -0.129
    23      C                 -0.131
    24      C                 -0.116
    25      H                  0.130
    26      H                  0.143
    27      H                  0.145
    28      H                  0.165
    29      H                  0.147
    30      H                  0.113
    31      H                  0.119
    32      H                  0.102
    33      H                  0.097
    34      H                  0.106
    35      H                  0.136
    36      H                  0.128
    37      H                  0.130
    38      H                  0.133
    39      H                  0.147
 Total Mulliken Charge =       0.000
 
                  X        Y        Z     TOTAL  
  QM DIPOLE    -6.508   -0.744    3.853    7.599
 
 Final Structure

  QMMM: QM Region Cartesian Coordinates (*=link atom) 
  QMMM: QM_NO.   MM_NO.  ATOM         X         Y         Z
  QMMM:     1        1      C        3.5686  -11.1900    9.8204
  QMMM:     2        2      C        5.6856  -10.9524    7.9782
  QMMM:     3        3      C        4.3848  -10.3698    7.6566
  QMMM:     4        4      C        3.3590  -10.5165    8.5486
  QMMM:     5        5      C        2.5798  -11.3305   10.8119
  QMMM:     6        6      C        2.8592  -11.9874   11.9995
  QMMM:     7        7      C        4.1357  -12.5201   12.2346
  QMMM:     8        8      C        5.1359  -12.3902   11.2858
  QMMM:     9        9      C        4.8474  -11.7190   10.0793
  QMMM:    10       10      O        5.8880  -11.6187    9.1906
  QMMM:    11       11      O        6.7159  -10.9806    7.3074
  QMMM:    12       12      O        2.1303   -9.9865    8.2429
  QMMM:    13       13      H        1.4594  -10.4208    8.7902
  QMMM:    14       14      C        4.3114   -9.6901    6.3224
  QMMM:    15       15      C        3.6880   -8.2999    6.3866
  QMMM:    16       16      C        4.6491   -7.2381    6.8464
  QMMM:    17       17      C        4.0282   -6.1228    7.6268
  QMMM:    18       18      O        5.8541   -7.2585    6.5791
  QMMM:    19       19      C        3.6029  -10.5587    5.3234
  QMMM:    20       20      C        2.2076  -10.5700    5.2212
  QMMM:    21       21      C        1.5777  -11.3744    4.2730
  QMMM:    22       22      C        2.3356  -12.1769    3.4207
  QMMM:    23       23      C        3.7267  -12.1744    3.5216
  QMMM:    24       24      C        4.3595  -11.3697    4.4675
  QMMM:    25       25      H        1.5747  -10.9085   10.6598
  QMMM:    26       26      H        2.0778  -12.0916   12.7669
  QMMM:    27       27      H        4.3427  -13.0418   13.1819
  QMMM:    28       28      H        6.1469  -12.7927   11.4466
  QMMM:    29       29      H        5.3799   -9.5475    5.9586
  QMMM:    30       30      H        2.7818   -8.2967    7.0459
  QMMM:    31       31      H        3.3505   -8.0109    5.3526
  QMMM:    32       32      H        3.6984   -6.5064    8.6233
  QMMM:    33       33      H        3.1364   -5.7269    7.0837
  QMMM:    34       34      H        4.7594   -5.2932    7.7841
  QMMM:    35       35      H        1.6083   -9.9458    5.9025
  QMMM:    36       36      H        0.4807  -11.3748    4.1977
  QMMM:    37       37      H        1.8381  -12.8098    2.6718
  QMMM:    38       38      H        4.3283  -12.8078    2.8531
  QMMM:    39       39      H        5.4585  -11.3717    4.5467

           --------- Calculation Completed ----------

