============================================================================
| ACPYPE: AnteChamber PYthon Parser interfacE v. 2023.10.27 (c) 2025 AWSdS |
============================================================================
DEBUG: CLI: -i Results/Site1/HOLO/SUC/SUC-Site1_1h.pdb -b h1suc -c bcc
DEBUG: Python Version 3.12.2 | packaged by conda-forge | (main, Feb 16 2024, 20:50:58) [GCC 12.3.0]
DEBUG: Max execution time tolerance is 3h
DEBUG: setResNameCheckCoords done
WARNING: no charge value given, trying to guess one...
DEBUG: guessCharge: /home/zach/anaconda3/bin/obabel -ipdb SUC-Site1_1h.pdb -omol2 -O h1suc.mol2
DEBUG: 1 molecule converted
DEBUG: /home/zach/anaconda3/bin/antechamber -dr no -i /home/zach/MD/project/.acpype_tmp_h1suc/h1suc.mol2 -fi mol2 -o tmp -fo mol2 -c gas -pf n
DEBUG: /home/zach/anaconda3/bin/antechamber -dr no -i tmp -fi mol2 -o tmp -fo mol2 -c wc -cf tmp.crg -pf n
DEBUG: ++++++++++start_quote+++++++++++++++++++++++++++++++++++++++++++++++++++++++++++
DEBUG: 
Welcome to antechamber 22.0: molecular input file processor.

Info: The atom type is set to gaff; the options available to the -at flag are
 gaff, gaff2, amber, bcc, and sybyl.

/bin/bash: /home/zach/anaconda3/lib/libtinfo.so.6: no version information available (required by /bin/bash)
/bin/bash: /home/zach/anaconda3/lib/libtinfo.so.6: no version information available (required by /bin/bash)

DEBUG: ++++++++++end_quote+++++++++++++++++++++++++++++++++++++++++++++++++++++++++++++
DEBUG: readMol2TotalCharge: -4.999999999991123e-06
DEBUG: Net charge drift '0.000005'
==> ... charge set to 0
==> ... converting pdb input file to mol2 input file
DEBUG: /home/zach/anaconda3/bin/obabel -ipdb SUC-Site1_1h.pdb -omol2 -O h1suc.mol2
==> * Babel OK *
==> Executing Antechamber...
DEBUG: /home/zach/anaconda3/bin/antechamber -dr no -i h1suc.mol2 -fi mol2 -o h1suc_bcc_gaff2.mol2 -fo mol2 -c bcc -nc 0 -m 1 -s 2 -df 2 -at gaff2 -pf n 
DEBUG: No file left to be removed
==> * Antechamber OK *
DEBUG: /home/zach/anaconda3/bin/parmchk2 -i h1suc_bcc_gaff2.mol2 -f mol2 -o h1suc_AC.frcmod -s 2
==> * Parmchk OK *
DEBUG: No crd or prm files left to be removed
==> Executing Tleap...
DEBUG: /home/zach/anaconda3/bin/tleap -f tleap.in
DEBUG: ++++++++++start_quote+++++++++++++++++++++++++++++++++++++++++++++++++++++++++++
DEBUG: Checking 'UNL'....

/home/zach/anaconda3/bin/teLeap: Warning!
Close contact of 1.351 angstroms between nonbonded atoms H13 and H15
------- .R<UNL 1>.A<H13 37> and .R<UNL 1>.A<H15 39>
Checking parameters for unit 'UNL'.
Checking for bond parameters.
Checking for angle parameters.
check: Warnings: 1
Unit is OK.
DEBUG: ++++++++++end_quote+++++++++++++++++++++++++++++++++++++++++++++++++++++++++++++
==> * Tleap OK *
==> Removing temporary files...
DEBUG: prmtop and inpcrd files loaded
DEBUG: basename defined = 'h1suc'
DEBUG: getCoords done
DEBUG: getABCOEFs done
DEBUG: charge to be balanced: total 0.0000000176
DEBUG: balanceCharges done
DEBUG: Balanced TotalCharge 0.0000000000
DEBUG: PBC = None
DEBUG: getAtoms done
DEBUG: getBonds done
DEBUG: getAngles done
DEBUG: getDihedrals done
==> Using OpenBabel v.3.1.0

==> Writing NEW PDB file

==> Writing CNS/XPLOR files

DEBUG: chiralGroups 9
==> Writing GROMACS files

==> Disambiguating lower and uppercase atomtypes in GMX top file, even if identical.

DEBUG: writing GRO file
DEBUG: Box size estimated
DEBUG: writing POSRE file
DEBUG: atomTypes 8
DEBUG: GMX atomtypes done
DEBUG: atoms 45
DEBUG: GMX atoms done
DEBUG: bonds 46
DEBUG: GMX bonds done
DEBUG: atomPairs 124
DEBUG: GMX pairs done
DEBUG: angles 83
DEBUG: GMX angles done
DEBUG: setProperDihedralsCoef done
DEBUG: properDihedralsCoefRB 132
DEBUG: properDihedralsAlphaGamma 0
DEBUG: properDihedralsGmx45 207
==> Writing GMX dihedrals for GMX 4.5 and higher.

DEBUG: GMX special proper dihedrals done
DEBUG: improperDihedrals 0
DEBUG: GMX improper dihedrals done
==> Writing CHARMM files

DEBUG: /home/zach/anaconda3/bin/antechamber -dr no -i h1suc_bcc_gaff2.mol2 -fi mol2 -o h1suc_CHARMM -fo charmm -s 2 -at gaff2 -pf n -rn UNL
DEBUG: ++++++++++start_quote+++++++++++++++++++++++++++++++++++++++++++++++++++++++++++
DEBUG: 
Welcome to antechamber 22.0: molecular input file processor.

Info: The atom type is set to gaff2; the options available to the -at flag are
 gaff, gaff2, amber, bcc, and sybyl.

Info: Ignoring Mol2 record type (@<TRIPOS>SUBSTRUCTURE).
Info: Finished reading file (h1suc_bcc_gaff2.mol2); atoms read (45), bonds read (46).
Info: Determining atomic numbers from atomic symbols which are case sensitive.
Running: /home/zach/anaconda3/bin/bondtype -j full -i ANTECHAMBER_BOND_TYPE.AC0 -o ANTECHAMBER_BOND_TYPE.AC -f ac
/bin/bash: /home/zach/anaconda3/lib/libtinfo.so.6: no version information available (required by /bin/bash)

Running: /home/zach/anaconda3/bin/atomtype -i ANTECHAMBER_AC.AC0 -o ANTECHAMBER_AC.AC -p gaff2
/bin/bash: /home/zach/anaconda3/lib/libtinfo.so.6: no version information available (required by /bin/bash)

Running: /home/zach/anaconda3/bin/atomtype -i ANTECHAMBER_PREP.AC0 -o ANTECHAMBER_PREP.AC -p gaff2
/bin/bash: /home/zach/anaconda3/lib/libtinfo.so.6: no version information available (required by /bin/bash)

Running: /home/zach/anaconda3/bin/charmmgen -i ANTECHAMBER_PREP.AC -f ac -o h1suc_CHARMM -r UNL

DEBUG: ++++++++++end_quote+++++++++++++++++++++++++++++++++++++++++++++++++++++++++++++
==> Writing pickle file h1suc.pkl
==> Removing temporary files...
Total time of execution: 39s
DEBUG: No tmp folder left to be removed
