            --------------------------------------------------------
                             AMBER SQM VERSION 19
 
                                     By
              Ross C. Walker, Michael F. Crowley, Scott Brozell,
                         Tim Giese, Andreas W. Goetz,
                        Tai-Sung Lee and David A. Case
 
            --------------------------------------------------------
 

--------------------------------------------------------------------------------
  QM CALCULATION INFO
--------------------------------------------------------------------------------

| QMMM: Citation for AMBER QMMM Run:
| QMMM: R.C. Walker, M.F. Crowley and D.A. Case, J. COMP. CHEM. 29:1019, 2008

QMMM: SINGLET STATE CALCULATION
QMMM: RHF CALCULATION, NO. OF DOUBLY OCCUPIED LEVELS = 41

| QMMM: *** Selected Hamiltonian *** 
| QMMM: AM1         

| QMMM: *** Parameter sets in use ***
| QMMM: C : M.J.S.DEWAR et al. JACS, 107, 3902, (1985)
| QMMM: O : M.J.S.DEWAR et al. JACS, 107, 3902, (1985)
| QMMM: H : M.J.S.DEWAR et al. JACS, 107, 3902, (1985)

| QMMM: *** SCF convergence criteria ***
| QMMM: Energy change                :  0.1D-09 kcal/mol
| QMMM: Error matrix |FP-PF|         :  0.1D+00 au
| QMMM: Density matrix change        :  0.5D-06
| QMMM: Maximum number of SCF cycles :     1000

| QMMM: *** Diagonalization Routine Information ***
| QMMM: Pseudo diagonalizations are allowed.
| QMMM: Auto diagonalization routine selection is in use.
| QMMM:
| QMMM: Timing diagonalization routines:
| QMMM:                              norbs =       78
| QMMM:    diag iterations used for timing =       15
| QMMM:
| QMMM:              Internal diag routine = 0.010411 seconds
| QMMM:                 Dspev diag routine = 0.009004 seconds
| QMMM:                Dspevd diag routine = 0.007145 seconds
| QMMM:                Dspevx diag routine = 0.039167 seconds
| QMMM:                 Dsyev diag routine = 0.009935 seconds
| QMMM:                Dsyevd diag routine = 0.008454 seconds
| QMMM:                Dsyevr diag routine = 0.009208 seconds
| QMMM:
| QMMM:                Pseudo diag routine = 0.003227 seconds
| QMMM:
| QMMM: Using dspevd routine (diag_routine=3).

  QMMM: QM Region Cartesian Coordinates (*=link atom) 
  QMMM: QM_NO.   MM_NO.  ATOM         X         Y         Z
  QMMM:     1        1      C        7.2540    3.4480  -14.0160
  QMMM:     2        2      C        8.1530    2.4800  -14.4220
  QMMM:     3        3      C        9.4640    2.5310  -13.9910
  QMMM:     4        4      C        9.8770    3.5500  -13.1540
  QMMM:     5        5      C        8.9770    4.5140  -12.7440
  QMMM:     6        6      C        7.6670    4.4660  -13.1790
  QMMM:     7        7      C        5.8240    3.3940  -14.4870
  QMMM:     8        8      C        5.1360    2.1630  -13.8930
  QMMM:     9        9      C        5.7930    3.3100  -15.9910
  QMMM:    10       10      O        5.3480    2.3250  -16.5320
  QMMM:    11       11      O        6.2610    4.3280  -16.7300
  QMMM:    12       12      H        7.2050    4.5400  -16.7190
  QMMM:    13       13      C       11.3080    3.6050  -12.6840
  QMMM:    14       14      C       11.7540    2.2110  -12.2420
  QMMM:    15       15      C       12.9630    1.7740  -13.0720
  QMMM:    16       16      C       12.1370    2.2430  -10.7620
  QMMM:    17       17      H        7.8450    1.7190  -15.0470
  QMMM:    18       18      H       10.1350    1.8080  -14.2940
  QMMM:    19       19      H        9.2830    5.2700  -12.1120
  QMMM:    20       20      H        6.9970    5.1910  -12.8790
  QMMM:    21       21      H        5.3110    4.2770  -14.1680
  QMMM:    22       22      H        5.6490    1.2790  -14.2110
  QMMM:    23       23      H        4.1200    2.1260  -14.2270
  QMMM:    24       24      H        5.1580    2.2230  -12.8250
  QMMM:    25       25      H       11.3870    4.2830  -11.8600
  QMMM:    26       26      H       11.9330    3.9420  -13.4840
  QMMM:    27       27      H       10.9520    1.5180  -12.3880
  QMMM:    28       28      H       13.7650    2.4670  -12.9260
  QMMM:    29       29      H       12.6950    1.7510  -14.1080
  QMMM:    30       30      H       13.2740    0.7980  -12.7630
  QMMM:    31       31      H       12.9390    2.9360  -10.6160
  QMMM:    32       32      H       12.4480    1.2670  -10.4530
  QMMM:    33       33      H       11.2920    2.5480  -10.1810

--------------------------------------------------------------------------------
  RESULTS
--------------------------------------------------------------------------------

      iter         sqm energy              rms gradient
      ----    -------------------    -----------------------
xmin    10      -97.1394 kcal/mol        0.3581 kcal/(mol*A)
xmin    20      -97.2869 kcal/mol        0.2117 kcal/(mol*A)
xmin    30      -97.3665 kcal/mol        0.1232 kcal/(mol*A)
xmin    40      -97.3853 kcal/mol        0.2685 kcal/(mol*A)
xmin    50      -97.3950 kcal/mol        0.1412 kcal/(mol*A)
xmin    60      -97.4002 kcal/mol        0.0233 kcal/(mol*A)
xmin    70      -97.4009 kcal/mol        0.0073 kcal/(mol*A)
xmin    80      -97.4010 kcal/mol        0.0093 kcal/(mol*A)
xmin    90      -97.4011 kcal/mol        0.0020 kcal/(mol*A)
xmin   100      -97.4011 kcal/mol        0.0108 kcal/(mol*A)
xmin   110      -97.4011 kcal/mol        0.0027 kcal/(mol*A)
xmin   120      -97.4011 kcal/mol        0.0019 kcal/(mol*A)
xmin   130      -97.4011 kcal/mol        0.0005 kcal/(mol*A)
xmin   140      -97.4011 kcal/mol        0.0008 kcal/(mol*A)
xmin   150      -97.4011 kcal/mol        0.0028 kcal/(mol*A)
xmin   160      -97.4011 kcal/mol        0.0014 kcal/(mol*A)
xmin   170      -97.4011 kcal/mol        0.0012 kcal/(mol*A)
xmin   180      -97.4012 kcal/mol        0.0018 kcal/(mol*A)
xmin   190      -97.4012 kcal/mol        0.0046 kcal/(mol*A)
xmin   200      -97.4012 kcal/mol        0.0015 kcal/(mol*A)
xmin   210      -97.4012 kcal/mol        0.0019 kcal/(mol*A)
xmin   220      -97.4013 kcal/mol        0.0205 kcal/(mol*A)
xmin   230      -97.4013 kcal/mol        0.0048 kcal/(mol*A)
xmin   240      -97.4014 kcal/mol        0.0223 kcal/(mol*A)
xmin   250      -97.4017 kcal/mol        0.0049 kcal/(mol*A)
xmin   260      -97.4018 kcal/mol        0.0050 kcal/(mol*A)
xmin   270      -97.4021 kcal/mol        0.0226 kcal/(mol*A)
xmin   280      -97.4022 kcal/mol        0.0044 kcal/(mol*A)
xmin   290      -97.4023 kcal/mol        0.0185 kcal/(mol*A)
xmin   300      -97.4025 kcal/mol        0.0048 kcal/(mol*A)
xmin   310      -97.4026 kcal/mol        0.0105 kcal/(mol*A)
xmin   320      -97.4026 kcal/mol        0.0041 kcal/(mol*A)
xmin   330      -97.4026 kcal/mol        0.0048 kcal/(mol*A)
xmin   340      -97.4027 kcal/mol        0.0040 kcal/(mol*A)
xmin   350      -97.4027 kcal/mol        0.0059 kcal/(mol*A)
xmin   360      -97.4027 kcal/mol        0.0016 kcal/(mol*A)
xmin   370      -97.4027 kcal/mol        0.0034 kcal/(mol*A)
xmin   380      -97.4027 kcal/mol        0.0013 kcal/(mol*A)
xmin   390      -97.4027 kcal/mol        0.0015 kcal/(mol*A)
xmin   400      -97.4027 kcal/mol        0.0012 kcal/(mol*A)
xmin   410      -97.4027 kcal/mol        0.0013 kcal/(mol*A)
  ... geometry converged !
 
 Final MO eigenvalues (eV):
 -41.1515  -39.8497  -37.4194  -36.7652  -35.0446  -31.8797  -31.4208  -28.0046
 -27.4606  -25.5857  -23.8668  -22.8875  -21.4653  -20.9397  -18.9301  -17.7089
 -16.9693  -16.8556  -16.2433  -15.8214  -15.4799  -15.1980  -14.9224  -14.7580
 -14.5262  -14.2058  -14.0969  -13.3787  -13.3042  -13.0434  -12.9436  -12.6667
 -12.4545  -12.1885  -12.1091  -11.9615  -11.7887  -11.5978  -11.1221  -10.0897
  -9.6754   -0.1083    0.1552    1.1730    2.2323    2.4897    3.1921    3.2614
   3.4214    3.5182    3.5526    3.6193    3.7510    3.8120    3.8697    3.9529
   4.0873    4.1409    4.3370    4.3552    4.3905    4.4418    4.4721    4.4899
   4.6599    4.7064    4.7419    4.7697    4.8070    4.9470    5.0033    5.0538
   5.1686    5.1868    5.3730    5.6788    5.8068    6.7431

 Heat of formation   =        -97.40272913 kcal/mol  (       -4.22369928 eV)

 Total SCF energy    =     -58905.43217606 kcal/mol  (    -2554.33121617 eV)
 Electronic energy   =    -351076.63687362 kcal/mol  (   -15223.82537070 eV)
 Core-core repulsion =     292171.20469756 kcal/mol  (    12669.49415453 eV)
 
    Atomic Charges for Step       1 :
  Atom    Element       Mulliken Charge
     1      C                 -0.113
     2      C                 -0.112
     3      C                 -0.127
     4      C                 -0.055
     5      C                 -0.130
     6      C                 -0.120
     7      C                 -0.101
     8      C                 -0.201
     9      C                  0.296
    10      O                 -0.303
    11      O                 -0.289
    12      H                  0.230
    13      C                 -0.126
    14      C                 -0.105
    15      C                 -0.210
    16      C                 -0.209
    17      H                  0.143
    18      H                  0.140
    19      H                  0.136
    20      H                  0.133
    21      H                  0.120
    22      H                  0.089
    23      H                  0.100
    24      H                  0.085
    25      H                  0.090
    26      H                  0.096
    27      H                  0.094
    28      H                  0.075
    29      H                  0.072
    30      H                  0.076
    31      H                  0.073
    32      H                  0.076
    33      H                  0.075
 Total Mulliken Charge =       0.000
 
                  X        Y        Z     TOTAL  
  QM DIPOLE     2.698    0.930    4.013    4.925
 
 Final Structure

  QMMM: QM Region Cartesian Coordinates (*=link atom) 
  QMMM: QM_NO.   MM_NO.  ATOM         X         Y         Z
  QMMM:     1        1      C        7.2350    3.3821  -14.0925
  QMMM:     2        2      C        8.1829    2.4569  -14.5481
  QMMM:     3        3      C        9.4972    2.5160  -14.0954
  QMMM:     4        4      C        9.8911    3.4977  -13.1768
  QMMM:     5        5      C        8.9421    4.4198  -12.7214
  QMMM:     6        6      C        7.6257    4.3631  -13.1750
  QMMM:     7        7      C        5.8153    3.3108  -14.5551
  QMMM:     8        8      C        5.1431    2.0389  -14.0729
  QMMM:     9        9      C        5.7054    3.4254  -16.0582
  QMMM:    10       10      O        4.9602    2.7815  -16.7966
  QMMM:    11       11      O        6.4480    4.3633  -16.7181
  QMMM:    12       12      H        7.0566    4.7936  -16.1001
  QMMM:    13       13      C       11.3023    3.5750  -12.7082
  QMMM:    14       14      C       11.7919    2.2736  -12.0725
  QMMM:    15       15      C       12.8173    1.5900  -12.9541
  QMMM:    16       16      C       12.3781    2.5343  -10.6999
  QMMM:    17       17      H        7.8837    1.6808  -15.2701
  QMMM:    18       18      H       10.2364    1.7851  -14.4585
  QMMM:    19       19      H        9.2342    5.1960  -11.9978
  QMMM:    20       20      H        6.8907    5.0926  -12.8016
  QMMM:    21       21      H        5.2445    4.1945  -14.1399
  QMMM:    22       22      H        5.7042    1.1416  -14.4288
  QMMM:    23       23      H        4.1015    1.9850  -14.4735
  QMMM:    24       24      H        5.1108    2.0249  -12.9577
  QMMM:    25       25      H       11.4056    4.4162  -11.9704
  QMMM:    26       26      H       11.9536    3.8362  -13.5870
  QMMM:    27       27      H       10.9143    1.5764  -11.9511
  QMMM:    28       28      H       13.7211    2.2338  -13.0798
  QMMM:    29       29      H       12.3888    1.3808  -13.9638
  QMMM:    30       30      H       13.1351    0.6223  -12.4962
  QMMM:    31       31      H       13.2479    3.2311  -10.7687
  QMMM:    32       32      H       12.7281    1.5773  -10.2430
  QMMM:    33       33      H       11.6115    2.9884  -10.0272

           --------- Calculation Completed ----------

